01:26:42 INFO  Starting CompraServiceApplication using Java 21.0.11 with PID 24012 (C:\Users\10100 1650Super\Desktop\proyecto_eventos_CASI (1)\proyecto_eventos\compra_service\target\classes started by 10100 1650Super in C:\Users\10100 1650Super\Desktop\proyecto_eventos_CASI (1)\proyecto_eventos\compra_service)
01:26:42 INFO  No active profile set, falling back to 1 default profile: "default"
01:26:43 INFO  Bootstrapping Spring Data JPA repositories in DEFAULT mode.
01:26:43 INFO  Finished Spring Data repository scanning in 45 ms. Found 1 JPA repository interface.
01:26:43 INFO  Tomcat initialized with port 8097 (http)
01:26:43 INFO  Starting service [Tomcat]
01:26:43 INFO  Starting Servlet engine: [Apache Tomcat/11.0.22]
01:26:43 INFO  Root WebApplicationContext: initialization completed in 1654 ms
01:26:44 INFO  HikariPool-1 - Starting...
01:26:44 INFO  HikariPool-1 - Added connection com.mysql.cj.jdbc.ConnectionImpl@1f916219
01:26:44 INFO  HikariPool-1 - Start completed.
01:26:46 INFO  Reading from bd_compras.databasechangelog
01:26:46 INFO  Change failed validation!
01:26:46 INFO  Logging exception.
01:26:46 INFO  ERROR: Exception Details
01:26:46 INFO  ERROR: Exception Primary Class:  ValidationFailedException
01:26:46 INFO  ERROR: Exception Primary Reason:  Validation Failed:
     1 changesets check sum
          db/changelog/db.changelog.sql::2::michael was: 9:419c18fbc05c2bf3cc34815579de65eb but is now: 9:b128184c6f3601696d4b9a8efb457622

01:26:46 INFO  ERROR: Exception Primary Source:  5.0.3
01:26:46 INFO  Command execution complete
01:26:46 WARN  Exception encountered during context initialization - cancelling refresh attempt: org.springframework.beans.factory.BeanCreationException: Error creating bean with name 'entityManagerFactory' defined in class path resource [org/springframework/boot/hibernate/autoconfigure/HibernateJpaConfiguration.class]: Failed to initialize dependency 'liquibase' of LoadTimeWeaverAware bean 'entityManagerFactory': Error creating bean with name 'liquibase' defined in class path resource [com/festival/compra_service/config/LiquibaseConfig.class]: liquibase.exception.CommandExecutionException: liquibase.exception.ValidationFailedException: Validation Failed:
     1 changesets check sum
          db/changelog/db.changelog.sql::2::michael was: 9:419c18fbc05c2bf3cc34815579de65eb but is now: 9:b128184c6f3601696d4b9a8efb457622

01:26:46 INFO  HikariPool-1 - Shutdown initiated...
01:26:46 INFO  HikariPool-1 - Shutdown completed.
01:26:46 INFO  Stopping service [Tomcat]
01:26:46 INFO  

Error starting ApplicationContext. To display the condition evaluation report re-run your application with 'debug' enabled.
01:26:46 ERROR Application run failed
org.springframework.beans.factory.BeanCreationException: Error creating bean with name 'entityManagerFactory' defined in class path resource [org/springframework/boot/hibernate/autoconfigure/HibernateJpaConfiguration.class]: Failed to initialize dependency 'liquibase' of LoadTimeWeaverAware bean 'entityManagerFactory': Error creating bean with name 'liquibase' defined in class path resource [com/festival/compra_service/config/LiquibaseConfig.class]: liquibase.exception.CommandExecutionException: liquibase.exception.ValidationFailedException: Validation Failed:
     1 changesets check sum
          db/changelog/db.changelog.sql::2::michael was: 9:419c18fbc05c2bf3cc34815579de65eb but is now: 9:b128184c6f3601696d4b9a8efb457622

	at org.springframework.beans.factory.support.AbstractBeanFactory.doGetBean(AbstractBeanFactory.java:322)
	at org.springframework.beans.factory.support.AbstractBeanFactory.getBean(AbstractBeanFactory.java:201)
	at org.springframework.context.support.AbstractApplicationContext.finishBeanFactoryInitialization(AbstractApplicationContext.java:977)
	at org.springframework.context.support.AbstractApplicationContext.refresh(AbstractApplicationContext.java:621)
	at org.springframework.boot.web.server.servlet.context.ServletWebServerApplicationContext.refresh(ServletWebServerApplicationContext.java:143)
	at org.springframework.boot.SpringApplication.refresh(SpringApplication.java:756)
	at org.springframework.boot.SpringApplication.refreshContext(SpringApplication.java:445)
	at org.springframework.boot.SpringApplication.run(SpringApplication.java:321)
	at org.springframework.boot.SpringApplication.run(SpringApplication.java:1365)
	at org.springframework.boot.SpringApplication.run(SpringApplication.java:1354)
	at com.festival.compra_service.CompraServiceApplication.main(CompraServiceApplication.java:10)
Caused by: org.springframework.beans.factory.BeanCreationException: Error creating bean with name 'liquibase' defined in class path resource [com/festival/compra_service/config/LiquibaseConfig.class]: liquibase.exception.CommandExecutionException: liquibase.exception.ValidationFailedException: Validation Failed:
     1 changesets check sum
          db/changelog/db.changelog.sql::2::michael was: 9:419c18fbc05c2bf3cc34815579de65eb but is now: 9:b128184c6f3601696d4b9a8efb457622

	at org.springframework.beans.factory.support.AbstractAutowireCapableBeanFactory.initializeBean(AbstractAutowireCapableBeanFactory.java:1815)
	at org.springframework.beans.factory.support.AbstractAutowireCapableBeanFactory.doCreateBean(AbstractAutowireCapableBeanFactory.java:603)
	at org.springframework.beans.factory.support.AbstractAutowireCapableBeanFactory.createBean(AbstractAutowireCapableBeanFactory.java:525)
	at org.springframework.beans.factory.support.AbstractBeanFactory.lambda$doGetBean$0(AbstractBeanFactory.java:333)
	at org.springframework.beans.factory.support.DefaultSingletonBeanRegistry.getSingleton(DefaultSingletonBeanRegistry.java:371)
	at org.springframework.beans.factory.support.AbstractBeanFactory.doGetBean(AbstractBeanFactory.java:331)
	at org.springframework.beans.factory.support.AbstractBeanFactory.getBean(AbstractBeanFactory.java:196)
	at org.springframework.beans.factory.support.AbstractBeanFactory.doGetBean(AbstractBeanFactory.java:309)
	... 10 common frames omitted
Caused by: liquibase.exception.LiquibaseException: liquibase.exception.CommandExecutionException: liquibase.exception.ValidationFailedException: Validation Failed:
     1 changesets check sum
          db/changelog/db.changelog.sql::2::michael was: 9:419c18fbc05c2bf3cc34815579de65eb but is now: 9:b128184c6f3601696d4b9a8efb457622

	at liquibase.integration.spring.SpringLiquibase.afterPropertiesSet(SpringLiquibase.java:289)
	at org.springframework.beans.factory.support.AbstractAutowireCapableBeanFactory.invokeInitMethods(AbstractAutowireCapableBeanFactory.java:1862)
	at org.springframework.beans.factory.support.AbstractAutowireCapableBeanFactory.initializeBean(AbstractAutowireCapableBeanFactory.java:1811)
	... 17 common frames omitted
Caused by: liquibase.exception.CommandExecutionException: liquibase.exception.ValidationFailedException: Validation Failed:
     1 changesets check sum
          db/changelog/db.changelog.sql::2::michael was: 9:419c18fbc05c2bf3cc34815579de65eb but is now: 9:b128184c6f3601696d4b9a8efb457622

	at liquibase.command.CommandScope.lambda$execute$5(CommandScope.java:325)
	at liquibase.Scope.child(Scope.java:252)
	at liquibase.Scope.child(Scope.java:228)
	at liquibase.command.CommandScope.execute(CommandScope.java:257)
	at liquibase.Liquibase.lambda$update$0(Liquibase.java:216)
	at liquibase.Scope.lambda$child$0(Scope.java:243)
	at liquibase.Scope.child(Scope.java:252)
	at liquibase.Scope.child(Scope.java:242)
	at liquibase.Scope.child(Scope.java:221)
	at liquibase.Liquibase.runInScope(Liquibase.java:1366)
	at liquibase.Liquibase.update(Liquibase.java:205)
	at liquibase.Liquibase.update(Liquibase.java:188)
	at liquibase.integration.spring.SpringLiquibase.performUpdate(SpringLiquibase.java:327)
	at liquibase.integration.spring.SpringLiquibase.lambda$afterPropertiesSet$0(SpringLiquibase.java:279)
	at liquibase.Scope.lambda$child$0(Scope.java:243)
	at liquibase.Scope.child(Scope.java:252)
	at liquibase.Scope.child(Scope.java:242)
	at liquibase.Scope.child(Scope.java:221)
	at liquibase.integration.spring.SpringLiquibase.afterPropertiesSet(SpringLiquibase.java:272)
	... 19 common frames omitted
Caused by: liquibase.exception.ValidationFailedException: Validation Failed:
     1 changesets check sum
          db/changelog/db.changelog.sql::2::michael was: 9:419c18fbc05c2bf3cc34815579de65eb but is now: 9:b128184c6f3601696d4b9a8efb457622

	at liquibase.changelog.DatabaseChangeLog.validate(DatabaseChangeLog.java:392)
	at liquibase.command.core.helpers.DatabaseChangelogCommandStep.run(DatabaseChangelogCommandStep.java:89)
	at liquibase.command.CommandScope.lambda$execute$5(CommandScope.java:269)
	... 37 common frames omitted
01:38:00 INFO  Starting CompraServiceApplication using Java 21.0.11 with PID 11948 (C:\Users\10100 1650Super\Desktop\proyecto_eventos_CASI (1)\proyecto_eventos\compra_service\target\classes started by 10100 1650Super in C:\Users\10100 1650Super\Desktop\proyecto_eventos_CASI (1)\proyecto_eventos\compra_service)
01:38:00 INFO  No active profile set, falling back to 1 default profile: "default"
01:38:01 INFO  Bootstrapping Spring Data JPA repositories in DEFAULT mode.
01:38:01 INFO  Finished Spring Data repository scanning in 40 ms. Found 1 JPA repository interface.
01:38:02 INFO  Tomcat initialized with port 8097 (http)
01:38:02 INFO  Starting service [Tomcat]
01:38:02 INFO  Starting Servlet engine: [Apache Tomcat/11.0.22]
01:38:02 INFO  Root WebApplicationContext: initialization completed in 1402 ms
01:38:02 INFO  HikariPool-1 - Starting...
01:38:02 INFO  HikariPool-1 - Added connection com.mysql.cj.jdbc.ConnectionImpl@7aded903
01:38:02 INFO  HikariPool-1 - Start completed.
01:38:04 INFO  Creating database changelog table with name: bd_compras.databasechangelog
01:38:04 INFO  Reading from bd_compras.databasechangelog
01:38:04 INFO  Creating snapshot
01:38:04 INFO  Name 'PK_DATABASECHANGELOGLOCK' ignored for PRIMARY key.
01:38:04 INFO  Successfully acquired change log lock
01:38:04 INFO  Using deploymentId: 2193082407
01:38:04 INFO  Reading from bd_compras.databasechangelog
01:38:04 INFO  Running Changeset: db/changelog/db.changelog.sql::1::michael
01:38:04 INFO  Custom SQL executed
01:38:04 INFO  ChangeSet db/changelog/db.changelog.sql::1::michael ran successfully in 26ms
01:38:04 INFO  Running Changeset: db/changelog/db.changelog.sql::2::michael
01:38:04 ERROR ChangeSet db/changelog/db.changelog.sql::2::michael encountered an exception.
liquibase.exception.DatabaseException: Unknown column 'fecha_compra' in 'field list' [Failed SQL: (1054) INSERT INTO compras (usuario_id, escenario_id, cantidad, fecha_asistencia, fecha_compra) VALUES
(2, 1, 2, '2026-11-20 18:00:00', '2026-06-13 23:45:00')]
	at liquibase.executor.jvm.JdbcExecutor$ExecuteStatementCallback.doInStatement(JdbcExecutor.java:525)
	at liquibase.executor.jvm.JdbcExecutor.execute(JdbcExecutor.java:85)
	at liquibase.executor.jvm.JdbcExecutor.execute(JdbcExecutor.java:188)
	at liquibase.executor.AbstractExecutor.execute(AbstractExecutor.java:148)
	at liquibase.database.AbstractJdbcDatabase.executeStatements(AbstractJdbcDatabase.java:1198)
	at liquibase.changelog.ChangeSet.execute(ChangeSet.java:860)
	at liquibase.changelog.visitor.UpdateVisitor.executeAcceptedChange(UpdateVisitor.java:127)
	at liquibase.changelog.visitor.UpdateVisitor.visit(UpdateVisitor.java:71)
	at liquibase.changelog.ChangeLogIterator.lambda$run$0(ChangeLogIterator.java:133)
	at liquibase.Scope.lambda$child$0(Scope.java:243)
	at liquibase.Scope.child(Scope.java:252)
	at liquibase.Scope.child(Scope.java:242)
	at liquibase.Scope.child(Scope.java:221)
	at liquibase.changelog.ChangeLogIterator.lambda$run$1(ChangeLogIterator.java:122)
	at liquibase.Scope.lambda$child$0(Scope.java:243)
	at liquibase.Scope.child(Scope.java:252)
	at liquibase.Scope.child(Scope.java:242)
	at liquibase.Scope.child(Scope.java:221)
	at liquibase.Scope.child(Scope.java:309)
	at liquibase.Scope.child(Scope.java:313)
	at liquibase.changelog.ChangeLogIterator.run(ChangeLogIterator.java:91)
	at liquibase.command.core.AbstractUpdateCommandStep.lambda$run$1(AbstractUpdateCommandStep.java:122)
	at liquibase.Scope.lambda$child$0(Scope.java:243)
	at liquibase.Scope.child(Scope.java:252)
	at liquibase.Scope.child(Scope.java:242)
	at liquibase.Scope.child(Scope.java:221)
	at liquibase.command.core.AbstractUpdateCommandStep.run(AbstractUpdateCommandStep.java:120)
	at liquibase.command.core.UpdateCommandStep.run(UpdateCommandStep.java:100)
	at liquibase.command.CommandScope.lambda$execute$5(CommandScope.java:269)
	at liquibase.Scope.child(Scope.java:252)
	at liquibase.Scope.child(Scope.java:228)
	at liquibase.command.CommandScope.execute(CommandScope.java:257)
	at liquibase.Liquibase.lambda$update$0(Liquibase.java:216)
	at liquibase.Scope.lambda$child$0(Scope.java:243)
	at liquibase.Scope.child(Scope.java:252)
	at liquibase.Scope.child(Scope.java:242)
	at liquibase.Scope.child(Scope.java:221)
	at liquibase.Liquibase.runInScope(Liquibase.java:1366)
	at liquibase.Liquibase.update(Liquibase.java:205)
	at liquibase.Liquibase.update(Liquibase.java:188)
	at liquibase.integration.spring.SpringLiquibase.performUpdate(SpringLiquibase.java:327)
	at liquibase.integration.spring.SpringLiquibase.lambda$afterPropertiesSet$0(SpringLiquibase.java:279)
	at liquibase.Scope.lambda$child$0(Scope.java:243)
	at liquibase.Scope.child(Scope.java:252)
	at liquibase.Scope.child(Scope.java:242)
	at liquibase.Scope.child(Scope.java:221)
	at liquibase.integration.spring.SpringLiquibase.afterPropertiesSet(SpringLiquibase.java:272)
	at org.springframework.beans.factory.support.AbstractAutowireCapableBeanFactory.invokeInitMethods(AbstractAutowireCapableBeanFactory.java:1862)
	at org.springframework.beans.factory.support.AbstractAutowireCapableBeanFactory.initializeBean(AbstractAutowireCapableBeanFactory.java:1811)
	at org.springframework.beans.factory.support.AbstractAutowireCapableBeanFactory.doCreateBean(AbstractAutowireCapableBeanFactory.java:603)
	at org.springframework.beans.factory.support.AbstractAutowireCapableBeanFactory.createBean(AbstractAutowireCapableBeanFactory.java:525)
	at org.springframework.beans.factory.support.AbstractBeanFactory.lambda$doGetBean$0(AbstractBeanFactory.java:333)
	at org.springframework.beans.factory.support.DefaultSingletonBeanRegistry.getSingleton(DefaultSingletonBeanRegistry.java:371)
	at org.springframework.beans.factory.support.AbstractBeanFactory.doGetBean(AbstractBeanFactory.java:331)
	at org.springframework.beans.factory.support.AbstractBeanFactory.getBean(AbstractBeanFactory.java:196)
	at org.springframework.beans.factory.support.AbstractBeanFactory.doGetBean(AbstractBeanFactory.java:309)
	at org.springframework.beans.factory.support.AbstractBeanFactory.getBean(AbstractBeanFactory.java:201)
	at org.springframework.context.support.AbstractApplicationContext.finishBeanFactoryInitialization(AbstractApplicationContext.java:977)
	at org.springframework.context.support.AbstractApplicationContext.refresh(AbstractApplicationContext.java:621)
	at org.springframework.boot.web.server.servlet.context.ServletWebServerApplicationContext.refresh(ServletWebServerApplicationContext.java:143)
	at org.springframework.boot.SpringApplication.refresh(SpringApplication.java:756)
	at org.springframework.boot.SpringApplication.refreshContext(SpringApplication.java:445)
	at org.springframework.boot.SpringApplication.run(SpringApplication.java:321)
	at org.springframework.boot.SpringApplication.run(SpringApplication.java:1365)
	at org.springframework.boot.SpringApplication.run(SpringApplication.java:1354)
	at com.festival.compra_service.CompraServiceApplication.main(CompraServiceApplication.java:10)
Caused by: java.sql.SQLSyntaxErrorException: Unknown column 'fecha_compra' in 'field list'
	at com.mysql.cj.jdbc.exceptions.SQLError.createSQLException(SQLError.java:112)
	at com.mysql.cj.jdbc.exceptions.SQLExceptionsMapping.translateException(SQLExceptionsMapping.java:114)
	at com.mysql.cj.jdbc.StatementImpl.executeInternal(StatementImpl.java:839)
	at com.mysql.cj.jdbc.StatementImpl.execute(StatementImpl.java:687)
	at com.zaxxer.hikari.pool.ProxyStatement.execute(ProxyStatement.java:95)
	at com.zaxxer.hikari.pool.HikariProxyStatement.execute(HikariProxyStatement.java)
	at liquibase.executor.jvm.JdbcExecutor$ExecuteStatementCallback.doInStatement(JdbcExecutor.java:517)
	... 65 common frames omitted
01:38:04 INFO  UPDATE SUMMARY
01:38:04 INFO  Run:                          1
01:38:04 INFO  Previously run:               0
01:38:04 INFO  Filtered out:                 0
01:38:04 INFO  -------------------------------
01:38:04 INFO  Total change sets:            2
01:38:04 INFO  Update summary generated
01:38:04 INFO  Update command encountered an exception.
01:38:04 INFO  Successfully released change log lock
01:38:04 INFO  Logging exception.
01:38:04 INFO  ERROR: Exception Details
01:38:04 INFO  ERROR: Exception Primary Class:  SQLSyntaxErrorException
01:38:04 INFO  ERROR: Exception Primary Reason:  Unknown column 'fecha_compra' in 'field list'
01:38:04 INFO  ERROR: Exception Primary Source:  MySQL 5.5.5-10.4.32-MariaDB
01:38:04 INFO  Command execution complete
01:38:04 WARN  Exception encountered during context initialization - cancelling refresh attempt: org.springframework.beans.factory.BeanCreationException: Error creating bean with name 'entityManagerFactory' defined in class path resource [org/springframework/boot/hibernate/autoconfigure/HibernateJpaConfiguration.class]: Failed to initialize dependency 'liquibase' of LoadTimeWeaverAware bean 'entityManagerFactory': Error creating bean with name 'liquibase' defined in class path resource [com/festival/compra_service/config/LiquibaseConfig.class]: liquibase.exception.CommandExecutionException: liquibase.exception.LiquibaseException: liquibase.exception.MigrationFailedException: Migration failed for changeset db/changelog/db.changelog.sql::2::michael:
     Reason: liquibase.exception.DatabaseException: Unknown column 'fecha_compra' in 'field list' [Failed SQL: (1054) INSERT INTO compras (usuario_id, escenario_id, cantidad, fecha_asistencia, fecha_compra) VALUES
(2, 1, 2, '2026-11-20 18:00:00', '2026-06-13 23:45:00')]
01:38:04 INFO  HikariPool-1 - Shutdown initiated...
01:38:04 INFO  HikariPool-1 - Shutdown completed.
01:38:04 INFO  Stopping service [Tomcat]
01:38:04 INFO  

Error starting ApplicationContext. To display the condition evaluation report re-run your application with 'debug' enabled.
01:38:04 ERROR Application run failed
org.springframework.beans.factory.BeanCreationException: Error creating bean with name 'entityManagerFactory' defined in class path resource [org/springframework/boot/hibernate/autoconfigure/HibernateJpaConfiguration.class]: Failed to initialize dependency 'liquibase' of LoadTimeWeaverAware bean 'entityManagerFactory': Error creating bean with name 'liquibase' defined in class path resource [com/festival/compra_service/config/LiquibaseConfig.class]: liquibase.exception.CommandExecutionException: liquibase.exception.LiquibaseException: liquibase.exception.MigrationFailedException: Migration failed for changeset db/changelog/db.changelog.sql::2::michael:
     Reason: liquibase.exception.DatabaseException: Unknown column 'fecha_compra' in 'field list' [Failed SQL: (1054) INSERT INTO compras (usuario_id, escenario_id, cantidad, fecha_asistencia, fecha_compra) VALUES
(2, 1, 2, '2026-11-20 18:00:00', '2026-06-13 23:45:00')]
	at org.springframework.beans.factory.support.AbstractBeanFactory.doGetBean(AbstractBeanFactory.java:322)
	at org.springframework.beans.factory.support.AbstractBeanFactory.getBean(AbstractBeanFactory.java:201)
	at org.springframework.context.support.AbstractApplicationContext.finishBeanFactoryInitialization(AbstractApplicationContext.java:977)
	at org.springframework.context.support.AbstractApplicationContext.refresh(AbstractApplicationContext.java:621)
	at org.springframework.boot.web.server.servlet.context.ServletWebServerApplicationContext.refresh(ServletWebServerApplicationContext.java:143)
	at org.springframework.boot.SpringApplication.refresh(SpringApplication.java:756)
	at org.springframework.boot.SpringApplication.refreshContext(SpringApplication.java:445)
	at org.springframework.boot.SpringApplication.run(SpringApplication.java:321)
	at org.springframework.boot.SpringApplication.run(SpringApplication.java:1365)
	at org.springframework.boot.SpringApplication.run(SpringApplication.java:1354)
	at com.festival.compra_service.CompraServiceApplication.main(CompraServiceApplication.java:10)
Caused by: org.springframework.beans.factory.BeanCreationException: Error creating bean with name 'liquibase' defined in class path resource [com/festival/compra_service/config/LiquibaseConfig.class]: liquibase.exception.CommandExecutionException: liquibase.exception.LiquibaseException: liquibase.exception.MigrationFailedException: Migration failed for changeset db/changelog/db.changelog.sql::2::michael:
     Reason: liquibase.exception.DatabaseException: Unknown column 'fecha_compra' in 'field list' [Failed SQL: (1054) INSERT INTO compras (usuario_id, escenario_id, cantidad, fecha_asistencia, fecha_compra) VALUES
(2, 1, 2, '2026-11-20 18:00:00', '2026-06-13 23:45:00')]
	at org.springframework.beans.factory.support.AbstractAutowireCapableBeanFactory.initializeBean(AbstractAutowireCapableBeanFactory.java:1815)
	at org.springframework.beans.factory.support.AbstractAutowireCapableBeanFactory.doCreateBean(AbstractAutowireCapableBeanFactory.java:603)
	at org.springframework.beans.factory.support.AbstractAutowireCapableBeanFactory.createBean(AbstractAutowireCapableBeanFactory.java:525)
	at org.springframework.beans.factory.support.AbstractBeanFactory.lambda$doGetBean$0(AbstractBeanFactory.java:333)
	at org.springframework.beans.factory.support.DefaultSingletonBeanRegistry.getSingleton(DefaultSingletonBeanRegistry.java:371)
	at org.springframework.beans.factory.support.AbstractBeanFactory.doGetBean(AbstractBeanFactory.java:331)
	at org.springframework.beans.factory.support.AbstractBeanFactory.getBean(AbstractBeanFactory.java:196)
	at org.springframework.beans.factory.support.AbstractBeanFactory.doGetBean(AbstractBeanFactory.java:309)
	... 10 common frames omitted
Caused by: liquibase.exception.LiquibaseException: liquibase.exception.CommandExecutionException: liquibase.exception.LiquibaseException: liquibase.exception.MigrationFailedException: Migration failed for changeset db/changelog/db.changelog.sql::2::michael:
     Reason: liquibase.exception.DatabaseException: Unknown column 'fecha_compra' in 'field list' [Failed SQL: (1054) INSERT INTO compras (usuario_id, escenario_id, cantidad, fecha_asistencia, fecha_compra) VALUES
(2, 1, 2, '2026-11-20 18:00:00', '2026-06-13 23:45:00')]
	at liquibase.integration.spring.SpringLiquibase.afterPropertiesSet(SpringLiquibase.java:289)
	at org.springframework.beans.factory.support.AbstractAutowireCapableBeanFactory.invokeInitMethods(AbstractAutowireCapableBeanFactory.java:1862)
	at org.springframework.beans.factory.support.AbstractAutowireCapableBeanFactory.initializeBean(AbstractAutowireCapableBeanFactory.java:1811)
	... 17 common frames omitted
Caused by: liquibase.exception.CommandExecutionException: liquibase.exception.LiquibaseException: liquibase.exception.MigrationFailedException: Migration failed for changeset db/changelog/db.changelog.sql::2::michael:
     Reason: liquibase.exception.DatabaseException: Unknown column 'fecha_compra' in 'field list' [Failed SQL: (1054) INSERT INTO compras (usuario_id, escenario_id, cantidad, fecha_asistencia, fecha_compra) VALUES
(2, 1, 2, '2026-11-20 18:00:00', '2026-06-13 23:45:00')]
	at liquibase.command.CommandScope.lambda$execute$5(CommandScope.java:325)
	at liquibase.Scope.child(Scope.java:252)
	at liquibase.Scope.child(Scope.java:228)
	at liquibase.command.CommandScope.execute(CommandScope.java:257)
	at liquibase.Liquibase.lambda$update$0(Liquibase.java:216)
	at liquibase.Scope.lambda$child$0(Scope.java:243)
	at liquibase.Scope.child(Scope.java:252)
	at liquibase.Scope.child(Scope.java:242)
	at liquibase.Scope.child(Scope.java:221)
	at liquibase.Liquibase.runInScope(Liquibase.java:1366)
	at liquibase.Liquibase.update(Liquibase.java:205)
	at liquibase.Liquibase.update(Liquibase.java:188)
	at liquibase.integration.spring.SpringLiquibase.performUpdate(SpringLiquibase.java:327)
	at liquibase.integration.spring.SpringLiquibase.lambda$afterPropertiesSet$0(SpringLiquibase.java:279)
	at liquibase.Scope.lambda$child$0(Scope.java:243)
	at liquibase.Scope.child(Scope.java:252)
	at liquibase.Scope.child(Scope.java:242)
	at liquibase.Scope.child(Scope.java:221)
	at liquibase.integration.spring.SpringLiquibase.afterPropertiesSet(SpringLiquibase.java:272)
	... 19 common frames omitted
Caused by: liquibase.exception.LiquibaseException: liquibase.exception.MigrationFailedException: Migration failed for changeset db/changelog/db.changelog.sql::2::michael:
     Reason: liquibase.exception.DatabaseException: Unknown column 'fecha_compra' in 'field list' [Failed SQL: (1054) INSERT INTO compras (usuario_id, escenario_id, cantidad, fecha_asistencia, fecha_compra) VALUES
(2, 1, 2, '2026-11-20 18:00:00', '2026-06-13 23:45:00')]
	at liquibase.changelog.ChangeLogIterator.run(ChangeLogIterator.java:155)
	at liquibase.command.core.AbstractUpdateCommandStep.lambda$run$1(AbstractUpdateCommandStep.java:122)
	at liquibase.Scope.lambda$child$0(Scope.java:243)
	at liquibase.Scope.child(Scope.java:252)
	at liquibase.Scope.child(Scope.java:242)
	at liquibase.Scope.child(Scope.java:221)
	at liquibase.command.core.AbstractUpdateCommandStep.run(AbstractUpdateCommandStep.java:120)
	at liquibase.command.core.UpdateCommandStep.run(UpdateCommandStep.java:100)
	at liquibase.command.CommandScope.lambda$execute$5(CommandScope.java:269)
	... 37 common frames omitted
Caused by: liquibase.exception.MigrationFailedException: Migration failed for changeset db/changelog/db.changelog.sql::2::michael:
     Reason: liquibase.exception.DatabaseException: Unknown column 'fecha_compra' in 'field list' [Failed SQL: (1054) INSERT INTO compras (usuario_id, escenario_id, cantidad, fecha_asistencia, fecha_compra) VALUES
(2, 1, 2, '2026-11-20 18:00:00', '2026-06-13 23:45:00')]
	at liquibase.changelog.ChangeSet.execute(ChangeSet.java:918)
	at liquibase.changelog.visitor.UpdateVisitor.executeAcceptedChange(UpdateVisitor.java:127)
	at liquibase.changelog.visitor.UpdateVisitor.visit(UpdateVisitor.java:71)
	at liquibase.changelog.ChangeLogIterator.lambda$run$0(ChangeLogIterator.java:133)
	at liquibase.Scope.lambda$child$0(Scope.java:243)
	at liquibase.Scope.child(Scope.java:252)
	at liquibase.Scope.child(Scope.java:242)
	at liquibase.Scope.child(Scope.java:221)
	at liquibase.changelog.ChangeLogIterator.lambda$run$1(ChangeLogIterator.java:122)
	at liquibase.Scope.lambda$child$0(Scope.java:243)
	at liquibase.Scope.child(Scope.java:252)
	at liquibase.Scope.child(Scope.java:242)
	at liquibase.Scope.child(Scope.java:221)
	at liquibase.Scope.child(Scope.java:309)
	at liquibase.Scope.child(Scope.java:313)
	at liquibase.changelog.ChangeLogIterator.run(ChangeLogIterator.java:91)
	... 45 common frames omitted
Caused by: liquibase.exception.DatabaseException: Unknown column 'fecha_compra' in 'field list' [Failed SQL: (1054) INSERT INTO compras (usuario_id, escenario_id, cantidad, fecha_asistencia, fecha_compra) VALUES
(2, 1, 2, '2026-11-20 18:00:00', '2026-06-13 23:45:00')]
	at liquibase.executor.jvm.JdbcExecutor$ExecuteStatementCallback.doInStatement(JdbcExecutor.java:525)
	at liquibase.executor.jvm.JdbcExecutor.execute(JdbcExecutor.java:85)
	at liquibase.executor.jvm.JdbcExecutor.execute(JdbcExecutor.java:188)
	at liquibase.executor.AbstractExecutor.execute(AbstractExecutor.java:148)
	at liquibase.database.AbstractJdbcDatabase.executeStatements(AbstractJdbcDatabase.java:1198)
	at liquibase.changelog.ChangeSet.execute(ChangeSet.java:860)
	... 60 common frames omitted
Caused by: java.sql.SQLSyntaxErrorException: Unknown column 'fecha_compra' in 'field list'
	at com.mysql.cj.jdbc.exceptions.SQLError.createSQLException(SQLError.java:112)
	at com.mysql.cj.jdbc.exceptions.SQLExceptionsMapping.translateException(SQLExceptionsMapping.java:114)
	at com.mysql.cj.jdbc.StatementImpl.executeInternal(StatementImpl.java:839)
	at com.mysql.cj.jdbc.StatementImpl.execute(StatementImpl.java:687)
	at com.zaxxer.hikari.pool.ProxyStatement.execute(ProxyStatement.java:95)
	at com.zaxxer.hikari.pool.HikariProxyStatement.execute(HikariProxyStatement.java)
	at liquibase.executor.jvm.JdbcExecutor$ExecuteStatementCallback.doInStatement(JdbcExecutor.java:517)
	... 65 common frames omitted
01:42:21 INFO  Starting CompraServiceApplication using Java 21.0.11 with PID 13116 (C:\Users\10100 1650Super\Desktop\proyecto_eventos_CASI (1)\proyecto_eventos\compra_service\target\classes started by 10100 1650Super in C:\Users\10100 1650Super\Desktop\proyecto_eventos_CASI (1)\proyecto_eventos\compra_service)
01:42:21 INFO  No active profile set, falling back to 1 default profile: "default"
01:42:22 INFO  Bootstrapping Spring Data JPA repositories in DEFAULT mode.
01:42:22 INFO  Finished Spring Data repository scanning in 53 ms. Found 1 JPA repository interface.
01:42:23 INFO  Tomcat initialized with port 8097 (http)
01:42:23 INFO  Starting service [Tomcat]
01:42:23 INFO  Starting Servlet engine: [Apache Tomcat/11.0.22]
01:42:23 INFO  Root WebApplicationContext: initialization completed in 1278 ms
01:42:23 INFO  HikariPool-1 - Starting...
01:42:23 INFO  HikariPool-1 - Added connection com.mysql.cj.jdbc.ConnectionImpl@7aded903
01:42:23 INFO  HikariPool-1 - Start completed.
01:42:25 INFO  Creating database changelog table with name: bd_compras.databasechangelog
01:42:25 INFO  Reading from bd_compras.databasechangelog
01:42:25 INFO  Creating snapshot
01:42:25 INFO  Name 'PK_DATABASECHANGELOGLOCK' ignored for PRIMARY key.
01:42:25 INFO  Successfully acquired change log lock
01:42:25 INFO  Using deploymentId: 2193343351
01:42:25 INFO  Reading from bd_compras.databasechangelog
01:42:25 INFO  Running Changeset: db/changelog/db.changelog.sql::1::michael
01:42:25 INFO  Custom SQL executed
01:42:25 INFO  ChangeSet db/changelog/db.changelog.sql::1::michael ran successfully in 28ms
01:42:25 INFO  Running Changeset: db/changelog/db.changelog.sql::2::michael
01:42:25 ERROR ChangeSet db/changelog/db.changelog.sql::2::michael encountered an exception.
liquibase.exception.DatabaseException: Unknown column 'fecha_compra' in 'field list' [Failed SQL: (1054) INSERT INTO compras (usuario_id, escenario_id, cantidad, fecha_asistencia, fecha_compra) VALUES
(2, 1, 2, '2026-11-20 18:00:00', '2026-06-13 23:45:00')]
	at liquibase.executor.jvm.JdbcExecutor$ExecuteStatementCallback.doInStatement(JdbcExecutor.java:525)
	at liquibase.executor.jvm.JdbcExecutor.execute(JdbcExecutor.java:85)
	at liquibase.executor.jvm.JdbcExecutor.execute(JdbcExecutor.java:188)
	at liquibase.executor.AbstractExecutor.execute(AbstractExecutor.java:148)
	at liquibase.database.AbstractJdbcDatabase.executeStatements(AbstractJdbcDatabase.java:1198)
	at liquibase.changelog.ChangeSet.execute(ChangeSet.java:860)
	at liquibase.changelog.visitor.UpdateVisitor.executeAcceptedChange(UpdateVisitor.java:127)
	at liquibase.changelog.visitor.UpdateVisitor.visit(UpdateVisitor.java:71)
	at liquibase.changelog.ChangeLogIterator.lambda$run$0(ChangeLogIterator.java:133)
	at liquibase.Scope.lambda$child$0(Scope.java:243)
	at liquibase.Scope.child(Scope.java:252)
	at liquibase.Scope.child(Scope.java:242)
	at liquibase.Scope.child(Scope.java:221)
	at liquibase.changelog.ChangeLogIterator.lambda$run$1(ChangeLogIterator.java:122)
	at liquibase.Scope.lambda$child$0(Scope.java:243)
	at liquibase.Scope.child(Scope.java:252)
	at liquibase.Scope.child(Scope.java:242)
	at liquibase.Scope.child(Scope.java:221)
	at liquibase.Scope.child(Scope.java:309)
	at liquibase.Scope.child(Scope.java:313)
	at liquibase.changelog.ChangeLogIterator.run(ChangeLogIterator.java:91)
	at liquibase.command.core.AbstractUpdateCommandStep.lambda$run$1(AbstractUpdateCommandStep.java:122)
	at liquibase.Scope.lambda$child$0(Scope.java:243)
	at liquibase.Scope.child(Scope.java:252)
	at liquibase.Scope.child(Scope.java:242)
	at liquibase.Scope.child(Scope.java:221)
	at liquibase.command.core.AbstractUpdateCommandStep.run(AbstractUpdateCommandStep.java:120)
	at liquibase.command.core.UpdateCommandStep.run(UpdateCommandStep.java:100)
	at liquibase.command.CommandScope.lambda$execute$5(CommandScope.java:269)
	at liquibase.Scope.child(Scope.java:252)
	at liquibase.Scope.child(Scope.java:228)
	at liquibase.command.CommandScope.execute(CommandScope.java:257)
	at liquibase.Liquibase.lambda$update$0(Liquibase.java:216)
	at liquibase.Scope.lambda$child$0(Scope.java:243)
	at liquibase.Scope.child(Scope.java:252)
	at liquibase.Scope.child(Scope.java:242)
	at liquibase.Scope.child(Scope.java:221)
	at liquibase.Liquibase.runInScope(Liquibase.java:1366)
	at liquibase.Liquibase.update(Liquibase.java:205)
	at liquibase.Liquibase.update(Liquibase.java:188)
	at liquibase.integration.spring.SpringLiquibase.performUpdate(SpringLiquibase.java:327)
	at liquibase.integration.spring.SpringLiquibase.lambda$afterPropertiesSet$0(SpringLiquibase.java:279)
	at liquibase.Scope.lambda$child$0(Scope.java:243)
	at liquibase.Scope.child(Scope.java:252)
	at liquibase.Scope.child(Scope.java:242)
	at liquibase.Scope.child(Scope.java:221)
	at liquibase.integration.spring.SpringLiquibase.afterPropertiesSet(SpringLiquibase.java:272)
	at org.springframework.beans.factory.support.AbstractAutowireCapableBeanFactory.invokeInitMethods(AbstractAutowireCapableBeanFactory.java:1862)
	at org.springframework.beans.factory.support.AbstractAutowireCapableBeanFactory.initializeBean(AbstractAutowireCapableBeanFactory.java:1811)
	at org.springframework.beans.factory.support.AbstractAutowireCapableBeanFactory.doCreateBean(AbstractAutowireCapableBeanFactory.java:603)
	at org.springframework.beans.factory.support.AbstractAutowireCapableBeanFactory.createBean(AbstractAutowireCapableBeanFactory.java:525)
	at org.springframework.beans.factory.support.AbstractBeanFactory.lambda$doGetBean$0(AbstractBeanFactory.java:333)
	at org.springframework.beans.factory.support.DefaultSingletonBeanRegistry.getSingleton(DefaultSingletonBeanRegistry.java:371)
	at org.springframework.beans.factory.support.AbstractBeanFactory.doGetBean(AbstractBeanFactory.java:331)
	at org.springframework.beans.factory.support.AbstractBeanFactory.getBean(AbstractBeanFactory.java:196)
	at org.springframework.beans.factory.support.AbstractBeanFactory.doGetBean(AbstractBeanFactory.java:309)
	at org.springframework.beans.factory.support.AbstractBeanFactory.getBean(AbstractBeanFactory.java:201)
	at org.springframework.context.support.AbstractApplicationContext.finishBeanFactoryInitialization(AbstractApplicationContext.java:977)
	at org.springframework.context.support.AbstractApplicationContext.refresh(AbstractApplicationContext.java:621)
	at org.springframework.boot.web.server.servlet.context.ServletWebServerApplicationContext.refresh(ServletWebServerApplicationContext.java:143)
	at org.springframework.boot.SpringApplication.refresh(SpringApplication.java:756)
	at org.springframework.boot.SpringApplication.refreshContext(SpringApplication.java:445)
	at org.springframework.boot.SpringApplication.run(SpringApplication.java:321)
	at org.springframework.boot.SpringApplication.run(SpringApplication.java:1365)
	at org.springframework.boot.SpringApplication.run(SpringApplication.java:1354)
	at com.festival.compra_service.CompraServiceApplication.main(CompraServiceApplication.java:10)
Caused by: java.sql.SQLSyntaxErrorException: Unknown column 'fecha_compra' in 'field list'
	at com.mysql.cj.jdbc.exceptions.SQLError.createSQLException(SQLError.java:112)
	at com.mysql.cj.jdbc.exceptions.SQLExceptionsMapping.translateException(SQLExceptionsMapping.java:114)
	at com.mysql.cj.jdbc.StatementImpl.executeInternal(StatementImpl.java:839)
	at com.mysql.cj.jdbc.StatementImpl.execute(StatementImpl.java:687)
	at com.zaxxer.hikari.pool.ProxyStatement.execute(ProxyStatement.java:95)
	at com.zaxxer.hikari.pool.HikariProxyStatement.execute(HikariProxyStatement.java)
	at liquibase.executor.jvm.JdbcExecutor$ExecuteStatementCallback.doInStatement(JdbcExecutor.java:517)
	... 65 common frames omitted
01:42:25 INFO  UPDATE SUMMARY
01:42:25 INFO  Run:                          1
01:42:25 INFO  Previously run:               0
01:42:25 INFO  Filtered out:                 0
01:42:25 INFO  -------------------------------
01:42:25 INFO  Total change sets:            2
01:42:25 INFO  Update summary generated
01:42:25 INFO  Update command encountered an exception.
01:42:25 INFO  Successfully released change log lock
01:42:25 INFO  Logging exception.
01:42:25 INFO  ERROR: Exception Details
01:42:25 INFO  ERROR: Exception Primary Class:  SQLSyntaxErrorException
01:42:25 INFO  ERROR: Exception Primary Reason:  Unknown column 'fecha_compra' in 'field list'
01:42:25 INFO  ERROR: Exception Primary Source:  MySQL 5.5.5-10.4.32-MariaDB
01:42:25 INFO  Command execution complete
01:42:25 WARN  Exception encountered during context initialization - cancelling refresh attempt: org.springframework.beans.factory.BeanCreationException: Error creating bean with name 'entityManagerFactory' defined in class path resource [org/springframework/boot/hibernate/autoconfigure/HibernateJpaConfiguration.class]: Failed to initialize dependency 'liquibase' of LoadTimeWeaverAware bean 'entityManagerFactory': Error creating bean with name 'liquibase' defined in class path resource [com/festival/compra_service/config/LiquibaseConfig.class]: liquibase.exception.CommandExecutionException: liquibase.exception.LiquibaseException: liquibase.exception.MigrationFailedException: Migration failed for changeset db/changelog/db.changelog.sql::2::michael:
     Reason: liquibase.exception.DatabaseException: Unknown column 'fecha_compra' in 'field list' [Failed SQL: (1054) INSERT INTO compras (usuario_id, escenario_id, cantidad, fecha_asistencia, fecha_compra) VALUES
(2, 1, 2, '2026-11-20 18:00:00', '2026-06-13 23:45:00')]
01:42:25 INFO  HikariPool-1 - Shutdown initiated...
01:42:25 INFO  HikariPool-1 - Shutdown completed.
01:42:25 INFO  Stopping service [Tomcat]
01:42:25 INFO  

Error starting ApplicationContext. To display the condition evaluation report re-run your application with 'debug' enabled.
01:42:25 ERROR Application run failed
org.springframework.beans.factory.BeanCreationException: Error creating bean with name 'entityManagerFactory' defined in class path resource [org/springframework/boot/hibernate/autoconfigure/HibernateJpaConfiguration.class]: Failed to initialize dependency 'liquibase' of LoadTimeWeaverAware bean 'entityManagerFactory': Error creating bean with name 'liquibase' defined in class path resource [com/festival/compra_service/config/LiquibaseConfig.class]: liquibase.exception.CommandExecutionException: liquibase.exception.LiquibaseException: liquibase.exception.MigrationFailedException: Migration failed for changeset db/changelog/db.changelog.sql::2::michael:
     Reason: liquibase.exception.DatabaseException: Unknown column 'fecha_compra' in 'field list' [Failed SQL: (1054) INSERT INTO compras (usuario_id, escenario_id, cantidad, fecha_asistencia, fecha_compra) VALUES
(2, 1, 2, '2026-11-20 18:00:00', '2026-06-13 23:45:00')]
	at org.springframework.beans.factory.support.AbstractBeanFactory.doGetBean(AbstractBeanFactory.java:322)
	at org.springframework.beans.factory.support.AbstractBeanFactory.getBean(AbstractBeanFactory.java:201)
	at org.springframework.context.support.AbstractApplicationContext.finishBeanFactoryInitialization(AbstractApplicationContext.java:977)
	at org.springframework.context.support.AbstractApplicationContext.refresh(AbstractApplicationContext.java:621)
	at org.springframework.boot.web.server.servlet.context.ServletWebServerApplicationContext.refresh(ServletWebServerApplicationContext.java:143)
	at org.springframework.boot.SpringApplication.refresh(SpringApplication.java:756)
	at org.springframework.boot.SpringApplication.refreshContext(SpringApplication.java:445)
	at org.springframework.boot.SpringApplication.run(SpringApplication.java:321)
	at org.springframework.boot.SpringApplication.run(SpringApplication.java:1365)
	at org.springframework.boot.SpringApplication.run(SpringApplication.java:1354)
	at com.festival.compra_service.CompraServiceApplication.main(CompraServiceApplication.java:10)
Caused by: org.springframework.beans.factory.BeanCreationException: Error creating bean with name 'liquibase' defined in class path resource [com/festival/compra_service/config/LiquibaseConfig.class]: liquibase.exception.CommandExecutionException: liquibase.exception.LiquibaseException: liquibase.exception.MigrationFailedException: Migration failed for changeset db/changelog/db.changelog.sql::2::michael:
     Reason: liquibase.exception.DatabaseException: Unknown column 'fecha_compra' in 'field list' [Failed SQL: (1054) INSERT INTO compras (usuario_id, escenario_id, cantidad, fecha_asistencia, fecha_compra) VALUES
(2, 1, 2, '2026-11-20 18:00:00', '2026-06-13 23:45:00')]
	at org.springframework.beans.factory.support.AbstractAutowireCapableBeanFactory.initializeBean(AbstractAutowireCapableBeanFactory.java:1815)
	at org.springframework.beans.factory.support.AbstractAutowireCapableBeanFactory.doCreateBean(AbstractAutowireCapableBeanFactory.java:603)
	at org.springframework.beans.factory.support.AbstractAutowireCapableBeanFactory.createBean(AbstractAutowireCapableBeanFactory.java:525)
	at org.springframework.beans.factory.support.AbstractBeanFactory.lambda$doGetBean$0(AbstractBeanFactory.java:333)
	at org.springframework.beans.factory.support.DefaultSingletonBeanRegistry.getSingleton(DefaultSingletonBeanRegistry.java:371)
	at org.springframework.beans.factory.support.AbstractBeanFactory.doGetBean(AbstractBeanFactory.java:331)
	at org.springframework.beans.factory.support.AbstractBeanFactory.getBean(AbstractBeanFactory.java:196)
	at org.springframework.beans.factory.support.AbstractBeanFactory.doGetBean(AbstractBeanFactory.java:309)
	... 10 common frames omitted
Caused by: liquibase.exception.LiquibaseException: liquibase.exception.CommandExecutionException: liquibase.exception.LiquibaseException: liquibase.exception.MigrationFailedException: Migration failed for changeset db/changelog/db.changelog.sql::2::michael:
     Reason: liquibase.exception.DatabaseException: Unknown column 'fecha_compra' in 'field list' [Failed SQL: (1054) INSERT INTO compras (usuario_id, escenario_id, cantidad, fecha_asistencia, fecha_compra) VALUES
(2, 1, 2, '2026-11-20 18:00:00', '2026-06-13 23:45:00')]
	at liquibase.integration.spring.SpringLiquibase.afterPropertiesSet(SpringLiquibase.java:289)
	at org.springframework.beans.factory.support.AbstractAutowireCapableBeanFactory.invokeInitMethods(AbstractAutowireCapableBeanFactory.java:1862)
	at org.springframework.beans.factory.support.AbstractAutowireCapableBeanFactory.initializeBean(AbstractAutowireCapableBeanFactory.java:1811)
	... 17 common frames omitted
Caused by: liquibase.exception.CommandExecutionException: liquibase.exception.LiquibaseException: liquibase.exception.MigrationFailedException: Migration failed for changeset db/changelog/db.changelog.sql::2::michael:
     Reason: liquibase.exception.DatabaseException: Unknown column 'fecha_compra' in 'field list' [Failed SQL: (1054) INSERT INTO compras (usuario_id, escenario_id, cantidad, fecha_asistencia, fecha_compra) VALUES
(2, 1, 2, '2026-11-20 18:00:00', '2026-06-13 23:45:00')]
	at liquibase.command.CommandScope.lambda$execute$5(CommandScope.java:325)
	at liquibase.Scope.child(Scope.java:252)
	at liquibase.Scope.child(Scope.java:228)
	at liquibase.command.CommandScope.execute(CommandScope.java:257)
	at liquibase.Liquibase.lambda$update$0(Liquibase.java:216)
	at liquibase.Scope.lambda$child$0(Scope.java:243)
	at liquibase.Scope.child(Scope.java:252)
	at liquibase.Scope.child(Scope.java:242)
	at liquibase.Scope.child(Scope.java:221)
	at liquibase.Liquibase.runInScope(Liquibase.java:1366)
	at liquibase.Liquibase.update(Liquibase.java:205)
	at liquibase.Liquibase.update(Liquibase.java:188)
	at liquibase.integration.spring.SpringLiquibase.performUpdate(SpringLiquibase.java:327)
	at liquibase.integration.spring.SpringLiquibase.lambda$afterPropertiesSet$0(SpringLiquibase.java:279)
	at liquibase.Scope.lambda$child$0(Scope.java:243)
	at liquibase.Scope.child(Scope.java:252)
	at liquibase.Scope.child(Scope.java:242)
	at liquibase.Scope.child(Scope.java:221)
	at liquibase.integration.spring.SpringLiquibase.afterPropertiesSet(SpringLiquibase.java:272)
	... 19 common frames omitted
Caused by: liquibase.exception.LiquibaseException: liquibase.exception.MigrationFailedException: Migration failed for changeset db/changelog/db.changelog.sql::2::michael:
     Reason: liquibase.exception.DatabaseException: Unknown column 'fecha_compra' in 'field list' [Failed SQL: (1054) INSERT INTO compras (usuario_id, escenario_id, cantidad, fecha_asistencia, fecha_compra) VALUES
(2, 1, 2, '2026-11-20 18:00:00', '2026-06-13 23:45:00')]
	at liquibase.changelog.ChangeLogIterator.run(ChangeLogIterator.java:155)
	at liquibase.command.core.AbstractUpdateCommandStep.lambda$run$1(AbstractUpdateCommandStep.java:122)
	at liquibase.Scope.lambda$child$0(Scope.java:243)
	at liquibase.Scope.child(Scope.java:252)
	at liquibase.Scope.child(Scope.java:242)
	at liquibase.Scope.child(Scope.java:221)
	at liquibase.command.core.AbstractUpdateCommandStep.run(AbstractUpdateCommandStep.java:120)
	at liquibase.command.core.UpdateCommandStep.run(UpdateCommandStep.java:100)
	at liquibase.command.CommandScope.lambda$execute$5(CommandScope.java:269)
	... 37 common frames omitted
Caused by: liquibase.exception.MigrationFailedException: Migration failed for changeset db/changelog/db.changelog.sql::2::michael:
     Reason: liquibase.exception.DatabaseException: Unknown column 'fecha_compra' in 'field list' [Failed SQL: (1054) INSERT INTO compras (usuario_id, escenario_id, cantidad, fecha_asistencia, fecha_compra) VALUES
(2, 1, 2, '2026-11-20 18:00:00', '2026-06-13 23:45:00')]
	at liquibase.changelog.ChangeSet.execute(ChangeSet.java:918)
	at liquibase.changelog.visitor.UpdateVisitor.executeAcceptedChange(UpdateVisitor.java:127)
	at liquibase.changelog.visitor.UpdateVisitor.visit(UpdateVisitor.java:71)
	at liquibase.changelog.ChangeLogIterator.lambda$run$0(ChangeLogIterator.java:133)
	at liquibase.Scope.lambda$child$0(Scope.java:243)
	at liquibase.Scope.child(Scope.java:252)
	at liquibase.Scope.child(Scope.java:242)
	at liquibase.Scope.child(Scope.java:221)
	at liquibase.changelog.ChangeLogIterator.lambda$run$1(ChangeLogIterator.java:122)
	at liquibase.Scope.lambda$child$0(Scope.java:243)
	at liquibase.Scope.child(Scope.java:252)
	at liquibase.Scope.child(Scope.java:242)
	at liquibase.Scope.child(Scope.java:221)
	at liquibase.Scope.child(Scope.java:309)
	at liquibase.Scope.child(Scope.java:313)
	at liquibase.changelog.ChangeLogIterator.run(ChangeLogIterator.java:91)
	... 45 common frames omitted
Caused by: liquibase.exception.DatabaseException: Unknown column 'fecha_compra' in 'field list' [Failed SQL: (1054) INSERT INTO compras (usuario_id, escenario_id, cantidad, fecha_asistencia, fecha_compra) VALUES
(2, 1, 2, '2026-11-20 18:00:00', '2026-06-13 23:45:00')]
	at liquibase.executor.jvm.JdbcExecutor$ExecuteStatementCallback.doInStatement(JdbcExecutor.java:525)
	at liquibase.executor.jvm.JdbcExecutor.execute(JdbcExecutor.java:85)
	at liquibase.executor.jvm.JdbcExecutor.execute(JdbcExecutor.java:188)
	at liquibase.executor.AbstractExecutor.execute(AbstractExecutor.java:148)
	at liquibase.database.AbstractJdbcDatabase.executeStatements(AbstractJdbcDatabase.java:1198)
	at liquibase.changelog.ChangeSet.execute(ChangeSet.java:860)
	... 60 common frames omitted
Caused by: java.sql.SQLSyntaxErrorException: Unknown column 'fecha_compra' in 'field list'
	at com.mysql.cj.jdbc.exceptions.SQLError.createSQLException(SQLError.java:112)
	at com.mysql.cj.jdbc.exceptions.SQLExceptionsMapping.translateException(SQLExceptionsMapping.java:114)
	at com.mysql.cj.jdbc.StatementImpl.executeInternal(StatementImpl.java:839)
	at com.mysql.cj.jdbc.StatementImpl.execute(StatementImpl.java:687)
	at com.zaxxer.hikari.pool.ProxyStatement.execute(ProxyStatement.java:95)
	at com.zaxxer.hikari.pool.HikariProxyStatement.execute(HikariProxyStatement.java)
	at liquibase.executor.jvm.JdbcExecutor$ExecuteStatementCallback.doInStatement(JdbcExecutor.java:517)
	... 65 common frames omitted
01:48:35 INFO  Starting CompraServiceApplication using Java 21.0.11 with PID 23680 (C:\Users\10100 1650Super\Desktop\proyecto_eventos_CASI (1)\proyecto_eventos\compra_service\target\classes started by 10100 1650Super in C:\Users\10100 1650Super\Desktop\proyecto_eventos_CASI (1)\proyecto_eventos\compra_service)
01:48:35 INFO  No active profile set, falling back to 1 default profile: "default"
01:48:35 INFO  Bootstrapping Spring Data JPA repositories in DEFAULT mode.
01:48:36 INFO  Finished Spring Data repository scanning in 43 ms. Found 1 JPA repository interface.
01:48:36 INFO  Tomcat initialized with port 8097 (http)
01:48:36 INFO  Starting service [Tomcat]
01:48:36 INFO  Starting Servlet engine: [Apache Tomcat/11.0.22]
01:48:36 INFO  Root WebApplicationContext: initialization completed in 1100 ms
01:48:36 INFO  HikariPool-1 - Starting...
01:48:36 INFO  HikariPool-1 - Added connection com.mysql.cj.jdbc.ConnectionImpl@52abed9d
01:48:36 INFO  HikariPool-1 - Start completed.
01:48:38 INFO  Reading from bd_compras.databasechangelog
01:48:38 INFO  Successfully acquired change log lock
01:48:38 INFO  Using deploymentId: 2193716700
01:48:38 INFO  Reading from bd_compras.databasechangelog
01:48:38 INFO  Running Changeset: db/changelog/db.changelog.sql::2::michael
01:48:38 INFO  Custom SQL executed
01:48:38 INFO  ChangeSet db/changelog/db.changelog.sql::2::michael ran successfully in 18ms
01:48:38 INFO  UPDATE SUMMARY
01:48:38 INFO  Run:                          1
01:48:38 INFO  Previously run:               1
01:48:38 INFO  Filtered out:                 0
01:48:38 INFO  -------------------------------
01:48:38 INFO  Total change sets:            2
01:48:38 INFO  Update summary generated
01:48:38 INFO  Update command completed successfully.
01:48:38 INFO  Liquibase: Update has been successful. Rows affected: 1
01:48:38 INFO  Successfully released change log lock
01:48:38 INFO  Command execution complete
01:48:38 INFO  HHH008540: Processing PersistenceUnitInfo [name: default]
01:48:39 INFO  HHH000001: Hibernate ORM core version 7.2.19.Final
01:48:39 INFO  No LoadTimeWeaver setup: ignoring JPA class transformer
01:48:39 WARN  HHH000511: The 5.5.5 version for [org.hibernate.dialect.MySQLDialect] is no longer supported, hence certain features may not work properly.The minimum supported version is 8.0.0. Check the community dialects project for available legacy versions.
01:48:39 INFO  HHH10001005: Database info:
	Database JDBC URL [jdbc:mysql://localhost:3306/bd_compras?createDatabaseIfNotExist=true]
	Database driver: MySQL Connector/J
	Database dialect: MySQLDialect
	Database version: 5.5.5
	Default catalog/schema: bd_compras/undefined
	Autocommit mode: undefined/unknown
	Isolation level: REPEATABLE_READ [default REPEATABLE_READ]
	JDBC fetch size: none
	Pool: DataSourceConnectionProvider
	Minimum pool size: undefined/unknown
	Maximum pool size: undefined/unknown
01:48:41 INFO  HHH000489: No JTA platform available (set 'hibernate.transaction.jta.platform' to enable JTA platform integration)
01:48:41 INFO  Initialized JPA EntityManagerFactory for persistence unit 'default'
01:48:41 INFO  Hibernate is in classpath; If applicable, HQL parser will be used.
01:48:41 WARN  spring.jpa.open-in-view is enabled by default. Therefore, database queries may be performed during view rendering. Explicitly configure spring.jpa.open-in-view to disable this warning
01:48:42 INFO  Tomcat started on port 8097 (http) with context path '/'
01:48:42 INFO  Started CompraServiceApplication in 7.021 seconds (process running for 7.356)
02:17:36 INFO  Initializing Spring DispatcherServlet 'dispatcherServlet'
02:17:36 INFO  Initializing Servlet 'dispatcherServlet'
02:17:36 INFO  Completed initialization in 1 ms
02:30:57 INFO  Commencing graceful shutdown. Waiting for active requests to complete
02:30:57 INFO  Graceful shutdown complete
02:30:57 INFO  Closing JPA EntityManagerFactory for persistence unit 'default'
02:30:57 INFO  HikariPool-1 - Shutdown initiated...
02:30:57 INFO  HikariPool-1 - Shutdown completed.
02:31:10 INFO  Starting CompraServiceApplication using Java 21.0.11 with PID 23908 (C:\Users\10100 1650Super\Desktop\proyecto_eventos_CASI (1)\proyecto_eventos\compra_service\target\classes started by 10100 1650Super in C:\Users\10100 1650Super\Desktop\proyecto_eventos_CASI (1)\proyecto_eventos\compra_service)
02:31:10 INFO  No active profile set, falling back to 1 default profile: "default"
02:31:11 INFO  Bootstrapping Spring Data JPA repositories in DEFAULT mode.
02:31:11 INFO  Finished Spring Data repository scanning in 58 ms. Found 1 JPA repository interface.
02:31:11 INFO  Tomcat initialized with port 8097 (http)
02:31:11 INFO  Starting service [Tomcat]
02:31:11 INFO  Starting Servlet engine: [Apache Tomcat/11.0.22]
02:31:11 INFO  Root WebApplicationContext: initialization completed in 1287 ms
02:31:12 INFO  HikariPool-1 - Starting...
02:31:12 INFO  HikariPool-1 - Added connection com.mysql.cj.jdbc.ConnectionImpl@52abed9d
02:31:12 INFO  HikariPool-1 - Start completed.
02:31:14 INFO  Reading from bd_compras.databasechangelog
02:31:14 INFO  Database is up to date, no changesets to execute
02:31:14 INFO  Reading from bd_compras.databasechangelog
02:31:14 INFO  UPDATE SUMMARY
02:31:14 INFO  Run:                          0
02:31:14 INFO  Previously run:               2
02:31:14 INFO  Filtered out:                 0
02:31:14 INFO  -------------------------------
02:31:14 INFO  Total change sets:            2
02:31:14 INFO  Update summary generated
02:31:14 INFO  Command execution complete
02:31:14 INFO  HHH008540: Processing PersistenceUnitInfo [name: default]
02:31:14 INFO  HHH000001: Hibernate ORM core version 7.2.19.Final
02:31:15 INFO  No LoadTimeWeaver setup: ignoring JPA class transformer
02:31:15 WARN  HHH000511: The 5.5.5 version for [org.hibernate.dialect.MySQLDialect] is no longer supported, hence certain features may not work properly.The minimum supported version is 8.0.0. Check the community dialects project for available legacy versions.
02:31:15 INFO  HHH10001005: Database info:
	Database JDBC URL [jdbc:mysql://localhost:3306/bd_compras?createDatabaseIfNotExist=true]
	Database driver: MySQL Connector/J
	Database dialect: MySQLDialect
	Database version: 5.5.5
	Default catalog/schema: bd_compras/undefined
	Autocommit mode: undefined/unknown
	Isolation level: REPEATABLE_READ [default REPEATABLE_READ]
	JDBC fetch size: none
	Pool: DataSourceConnectionProvider
	Minimum pool size: undefined/unknown
	Maximum pool size: undefined/unknown
02:31:16 INFO  HHH000489: No JTA platform available (set 'hibernate.transaction.jta.platform' to enable JTA platform integration)
02:31:16 INFO  Initialized JPA EntityManagerFactory for persistence unit 'default'
02:31:16 INFO  Hibernate is in classpath; If applicable, HQL parser will be used.
02:31:16 WARN  spring.jpa.open-in-view is enabled by default. Therefore, database queries may be performed during view rendering. Explicitly configure spring.jpa.open-in-view to disable this warning
02:31:16 INFO  Tomcat started on port 8097 (http) with context path '/'
02:31:16 INFO  Started CompraServiceApplication in 6.883 seconds (process running for 7.592)
02:42:08 INFO  Initializing Spring DispatcherServlet 'dispatcherServlet'
02:42:08 INFO  Initializing Servlet 'dispatcherServlet'
02:42:08 INFO  Completed initialization in 1 ms
02:42:19 INFO  Registrando nueva intención de compra: usuarioId=1, escenarioId=1
03:05:15 INFO  Registrando nueva intención de compra: usuarioId=1, escenarioId=1
