2026-05-10 21:33:37 INFO  - Starting ItinerarioServiceApplication using Java 24.0.2 with PID 6560 (C:\Users\jenni\Downloads\proyecto_eventos\itinerario-service\itinerario-service\target\classes started by jenni in C:\Users\jenni\Downloads\proyecto_eventos\itinerario-service\itinerario-service)
2026-05-10 21:33:37 DEBUG - Running with Spring Boot v4.0.6, Spring v7.0.7
2026-05-10 21:33:37 INFO  - No active profile set, falling back to 1 default profile: "default"
2026-05-10 21:33:38 INFO  - Bootstrapping Spring Data JPA repositories in DEFAULT mode.
2026-05-10 21:33:38 INFO  - Finished Spring Data repository scanning in 97 ms. Found 1 JPA repository interface.
2026-05-10 21:33:38 INFO  - Tomcat initialized with port 8096 (http)
2026-05-10 21:33:39 INFO  - Starting service [Tomcat]
2026-05-10 21:33:39 INFO  - Starting Servlet engine: [Apache Tomcat/11.0.21]
2026-05-10 21:33:39 INFO  - Root WebApplicationContext: initialization completed in 1046 ms
2026-05-10 21:33:39 INFO  - HikariPool-1 - Starting...
2026-05-10 21:33:39 INFO  - HikariPool-1 - Added connection com.mysql.cj.jdbc.ConnectionImpl@4c319d52
2026-05-10 21:33:39 INFO  - HikariPool-1 - Start completed.
2026-05-10 21:33:40 INFO  - Creating database changelog table with name: bd_itinerarios.databasechangelog
2026-05-10 21:33:41 INFO  - Reading from bd_itinerarios.databasechangelog
2026-05-10 21:33:41 INFO  - Creating snapshot
2026-05-10 21:33:41 INFO  - Name 'PK_DATABASECHANGELOGLOCK' ignored for PRIMARY key.
2026-05-10 21:33:41 INFO  - Successfully acquired change log lock
2026-05-10 21:33:41 INFO  - Using deploymentId: 8463219150
2026-05-10 21:33:41 INFO  - Reading from bd_itinerarios.databasechangelog
2026-05-10 21:33:41 INFO  - Running Changeset: db/changelog/db.changelog.sql::1::jenni
2026-05-10 21:33:41 INFO  - Custom SQL executed
2026-05-10 21:33:41 INFO  - ChangeSet db/changelog/db.changelog.sql::1::jenni ran successfully in 17ms
2026-05-10 21:33:41 INFO  - Running Changeset: db/changelog/db.changelog.sql::2::jenni
2026-05-10 21:33:41 INFO  - Custom SQL executed
2026-05-10 21:33:41 INFO  - ChangeSet db/changelog/db.changelog.sql::2::jenni ran successfully in 5ms
2026-05-10 21:33:41 INFO  - UPDATE SUMMARY
2026-05-10 21:33:41 INFO  - Run:                          2
2026-05-10 21:33:41 INFO  - Previously run:               0
2026-05-10 21:33:41 INFO  - Filtered out:                 0
2026-05-10 21:33:41 INFO  - -------------------------------
2026-05-10 21:33:41 INFO  - Total change sets:            2
2026-05-10 21:33:41 INFO  - Update summary generated
2026-05-10 21:33:41 INFO  - Update command completed successfully.
2026-05-10 21:33:41 INFO  - Liquibase: Update has been successful. Rows affected: 2
2026-05-10 21:33:41 INFO  - Successfully released change log lock
2026-05-10 21:33:41 INFO  - Command execution complete
2026-05-10 21:33:41 INFO  - HHH008540: Processing PersistenceUnitInfo [name: default]
2026-05-10 21:33:41 INFO  - HHH000001: Hibernate ORM core version 7.2.12.Final
2026-05-10 21:33:41 INFO  - No LoadTimeWeaver setup: ignoring JPA class transformer
2026-05-10 21:33:41 WARN  - HHH000511: The 5.5.5 version for [org.hibernate.dialect.MySQLDialect] is no longer supported, hence certain features may not work properly.The minimum supported version is 8.0.0. Check the community dialects project for available legacy versions.
2026-05-10 21:33:41 INFO  - HHH10001005: Database info:
	Database JDBC URL [jdbc:mysql://localhost:3306/bd_itinerarios?createDatabaseIfNotExist=true]
	Database driver: MySQL Connector/J
	Database dialect: MySQLDialect
	Database version: 5.5.5
	Default catalog/schema: bd_itinerarios/undefined
	Autocommit mode: undefined/unknown
	Isolation level: REPEATABLE_READ [default REPEATABLE_READ]
	JDBC fetch size: none
	Pool: DataSourceConnectionProvider
	Minimum pool size: undefined/unknown
	Maximum pool size: undefined/unknown
2026-05-10 21:33:42 INFO  - HHH000489: No JTA platform available (set 'hibernate.transaction.jta.platform' to enable JTA platform integration)
2026-05-10 21:33:42 INFO  - Initialized JPA EntityManagerFactory for persistence unit 'default'
2026-05-10 21:33:42 INFO  - Hibernate is in classpath; If applicable, HQL parser will be used.
2026-05-10 21:33:42 WARN  - spring.jpa.open-in-view is enabled by default. Therefore, database queries may be performed during view rendering. Explicitly configure spring.jpa.open-in-view to disable this warning
2026-05-10 21:33:43 INFO  - Tomcat started on port 8096 (http) with context path '/'
2026-05-10 21:33:43 INFO  - Started ItinerarioServiceApplication in 5.481 seconds (process running for 5.807)
