01:26:54 INFO  Starting PagoServiceApplication using Java 21.0.11 with PID 23996 (C:\Users\10100 1650Super\Desktop\proyecto_eventos_CASI (1)\proyecto_eventos\pago_service\target\classes started by 10100 1650Super in C:\Users\10100 1650Super\Desktop\proyecto_eventos_CASI (1)\proyecto_eventos\pago_service)
01:26:54 INFO  No active profile set, falling back to 1 default profile: "default"
01:26:55 INFO  Bootstrapping Spring Data JPA repositories in DEFAULT mode.
01:26:55 INFO  Finished Spring Data repository scanning in 238 ms. Found 1 JPA repository interface.
01:26:56 INFO  Tomcat initialized with port 8098 (http)
01:26:56 INFO  Starting service [Tomcat]
01:26:56 INFO  Starting Servlet engine: [Apache Tomcat/11.0.22]
01:26:56 INFO  Root WebApplicationContext: initialization completed in 1552 ms
01:26:56 INFO  HHH008540: Processing PersistenceUnitInfo [name: default]
01:26:56 INFO  HHH000001: Hibernate ORM core version 7.2.19.Final
01:26:57 INFO  No LoadTimeWeaver setup: ignoring JPA class transformer
01:26:57 INFO  HikariPool-1 - Starting...
01:26:57 INFO  HikariPool-1 - Added connection com.mysql.cj.jdbc.ConnectionImpl@545f0b6
01:26:57 INFO  HikariPool-1 - Start completed.
01:26:57 WARN  HHH000511: The 5.5.5 version for [org.hibernate.dialect.MySQLDialect] is no longer supported, hence certain features may not work properly.The minimum supported version is 8.0.0. Check the community dialects project for available legacy versions.
01:26:57 INFO  HHH10001005: Database info:
	Database JDBC URL [jdbc:mysql://localhost:3306/bd_pagos?createDatabaseIfNotExist=true]
	Database driver: MySQL Connector/J
	Database dialect: MySQLDialect
	Database version: 5.5.5
	Default catalog/schema: bd_pagos/undefined
	Autocommit mode: undefined/unknown
	Isolation level: REPEATABLE_READ [default REPEATABLE_READ]
	JDBC fetch size: none
	Pool: DataSourceConnectionProvider
	Minimum pool size: undefined/unknown
	Maximum pool size: undefined/unknown
01:26:58 INFO  HHH000489: No JTA platform available (set 'hibernate.transaction.jta.platform' to enable JTA platform integration)
01:26:58 INFO  Initialized JPA EntityManagerFactory for persistence unit 'default'
01:26:58 INFO  Hibernate is in classpath; If applicable, HQL parser will be used.
01:26:59 WARN  spring.jpa.open-in-view is enabled by default. Therefore, database queries may be performed during view rendering. Explicitly configure spring.jpa.open-in-view to disable this warning
01:26:59 INFO  Tomcat started on port 8098 (http) with context path '/'
01:26:59 INFO  Started PagoServiceApplication in 5.552 seconds (process running for 5.954)
02:44:23 INFO  Initializing Spring DispatcherServlet 'dispatcherServlet'
02:44:23 INFO  Initializing Servlet 'dispatcherServlet'
02:44:23 INFO  Completed initialization in 18 ms
02:44:23 INFO  Iniciando procesamiento de pago para la compra ID=2, MedioPago=DEBITO, Dcto=10%
02:44:24 INFO  Realizando petición al microservicio de compras URI: http://localhost:8097/compras/2
02:44:25 INFO  Realizando petición al microservicio de escenarios URI: http://localhost:8093/escenarios/1
02:44:25 INFO  Pago guardado exitosamente con ID=1 por un total de $139230
03:02:32 INFO  Commencing graceful shutdown. Waiting for active requests to complete
03:02:32 INFO  Graceful shutdown complete
03:02:32 INFO  Closing JPA EntityManagerFactory for persistence unit 'default'
03:02:32 INFO  HikariPool-1 - Shutdown initiated...
03:02:32 INFO  HikariPool-1 - Shutdown completed.
03:02:41 INFO  Starting PagoServiceApplication using Java 21.0.11 with PID 24884 (C:\Users\10100 1650Super\Desktop\proyecto_eventos_CASI (1)\proyecto_eventos\pago_service\target\classes started by 10100 1650Super in C:\Users\10100 1650Super\Desktop\proyecto_eventos_CASI (1)\proyecto_eventos\pago_service)
03:02:41 INFO  No active profile set, falling back to 1 default profile: "default"
03:02:42 INFO  Bootstrapping Spring Data JPA repositories in DEFAULT mode.
03:02:42 INFO  Finished Spring Data repository scanning in 137 ms. Found 1 JPA repository interface.
03:02:43 INFO  Tomcat initialized with port 8098 (http)
03:02:43 INFO  Starting service [Tomcat]
03:02:43 INFO  Starting Servlet engine: [Apache Tomcat/11.0.22]
03:02:43 INFO  Root WebApplicationContext: initialization completed in 1471 ms
03:02:43 INFO  HHH008540: Processing PersistenceUnitInfo [name: default]
03:02:43 INFO  HHH000001: Hibernate ORM core version 7.2.19.Final
03:02:44 INFO  No LoadTimeWeaver setup: ignoring JPA class transformer
03:02:44 INFO  HikariPool-1 - Starting...
03:02:44 INFO  HikariPool-1 - Added connection com.mysql.cj.jdbc.ConnectionImpl@51f4439e
03:02:44 INFO  HikariPool-1 - Start completed.
03:02:44 WARN  HHH000511: The 5.5.5 version for [org.hibernate.dialect.MySQLDialect] is no longer supported, hence certain features may not work properly.The minimum supported version is 8.0.0. Check the community dialects project for available legacy versions.
03:02:44 INFO  HHH10001005: Database info:
	Database JDBC URL [jdbc:mysql://localhost:3306/bd_pagos?createDatabaseIfNotExist=true]
	Database driver: MySQL Connector/J
	Database dialect: MySQLDialect
	Database version: 5.5.5
	Default catalog/schema: bd_pagos/undefined
	Autocommit mode: undefined/unknown
	Isolation level: REPEATABLE_READ [default REPEATABLE_READ]
	JDBC fetch size: none
	Pool: DataSourceConnectionProvider
	Minimum pool size: undefined/unknown
	Maximum pool size: undefined/unknown
03:02:45 INFO  HHH000489: No JTA platform available (set 'hibernate.transaction.jta.platform' to enable JTA platform integration)
03:02:45 INFO  Initialized JPA EntityManagerFactory for persistence unit 'default'
03:02:45 INFO  Hibernate is in classpath; If applicable, HQL parser will be used.
03:02:45 WARN  spring.jpa.open-in-view is enabled by default. Therefore, database queries may be performed during view rendering. Explicitly configure spring.jpa.open-in-view to disable this warning
03:02:46 INFO  Tomcat started on port 8098 (http) with context path '/'
03:02:46 INFO  Started PagoServiceApplication in 4.995 seconds (process running for 5.383)
03:05:25 INFO  Initializing Spring DispatcherServlet 'dispatcherServlet'
03:05:25 INFO  Initializing Servlet 'dispatcherServlet'
03:05:25 INFO  Completed initialization in 2 ms
03:05:25 INFO  Iniciando procesamiento de pago para la compra ID=3, MedioPago=DEBITO, Dcto=10%
03:05:25 INFO  Realizando petición al microservicio de compras URI: http://localhost:8097/compras/3
03:05:26 INFO  Realizando petición al microservicio de escenarios URI: http://localhost:8093/escenarios/1
03:05:26 INFO  Pago guardado exitosamente con ID=2 por un total de $208845
