2026-05-13 22:06:43 INFO  - Starting PresentacionServiceApplication using Java 24.0.2 with PID 20296 (C:\Users\jenni\Downloads\proyecto_eventos\presentacion-service\presentacion-service\target\classes started by jenni in C:\Users\jenni\Downloads\proyecto_eventos\presentacion-service\presentacion-service)
2026-05-13 22:06:43 DEBUG - Running with Spring Boot v4.0.6, Spring v7.0.7
2026-05-13 22:06:43 INFO  - No active profile set, falling back to 1 default profile: "default"
2026-05-13 22:06:43 INFO  - Bootstrapping Spring Data JPA repositories in DEFAULT mode.
2026-05-13 22:06:43 INFO  - Finished Spring Data repository scanning in 99 ms. Found 1 JPA repository interface.
2026-05-13 22:06:44 INFO  - Tomcat initialized with port 8095 (http)
2026-05-13 22:06:44 INFO  - Starting service [Tomcat]
2026-05-13 22:06:44 INFO  - Starting Servlet engine: [Apache Tomcat/11.0.21]
2026-05-13 22:06:44 INFO  - Root WebApplicationContext: initialization completed in 1103 ms
2026-05-13 22:06:44 INFO  - HikariPool-1 - Starting...
2026-05-13 22:06:44 INFO  - HikariPool-1 - Added connection com.mysql.cj.jdbc.ConnectionImpl@723e3c17
2026-05-13 22:06:44 INFO  - HikariPool-1 - Start completed.
2026-05-13 22:06:46 INFO  - Creating database changelog table with name: bd_presentaciones.databasechangelog
2026-05-13 22:06:46 INFO  - Reading from bd_presentaciones.databasechangelog
2026-05-13 22:06:46 INFO  - Creating snapshot
2026-05-13 22:06:46 INFO  - Name 'PK_DATABASECHANGELOGLOCK' ignored for PRIMARY key.
2026-05-13 22:06:46 INFO  - Successfully acquired change log lock
2026-05-13 22:06:46 INFO  - Using deploymentId: 8724404342
2026-05-13 22:06:46 INFO  - Reading from bd_presentaciones.databasechangelog
2026-05-13 22:06:46 INFO  - Running Changeset: db/changelog/db.changelog.sql::1::jenni
2026-05-13 22:06:46 INFO  - Custom SQL executed
2026-05-13 22:06:46 INFO  - ChangeSet db/changelog/db.changelog.sql::1::jenni ran successfully in 21ms
2026-05-13 22:06:46 INFO  - Running Changeset: db/changelog/db.changelog.sql::2::jenni
2026-05-13 22:06:46 INFO  - Custom SQL executed
2026-05-13 22:06:46 INFO  - ChangeSet db/changelog/db.changelog.sql::2::jenni ran successfully in 13ms
2026-05-13 22:06:46 INFO  - UPDATE SUMMARY
2026-05-13 22:06:46 INFO  - Run:                          2
2026-05-13 22:06:46 INFO  - Previously run:               0
2026-05-13 22:06:46 INFO  - Filtered out:                 0
2026-05-13 22:06:46 INFO  - -------------------------------
2026-05-13 22:06:46 INFO  - Total change sets:            2
2026-05-13 22:06:46 INFO  - Update summary generated
2026-05-13 22:06:46 INFO  - Update command completed successfully.
2026-05-13 22:06:46 INFO  - Liquibase: Update has been successful. Rows affected: 13
2026-05-13 22:06:46 INFO  - Successfully released change log lock
2026-05-13 22:06:46 INFO  - Command execution complete
2026-05-13 22:06:46 INFO  - HHH008540: Processing PersistenceUnitInfo [name: default]
2026-05-13 22:06:46 INFO  - HHH000001: Hibernate ORM core version 7.2.12.Final
2026-05-13 22:06:46 INFO  - No LoadTimeWeaver setup: ignoring JPA class transformer
2026-05-13 22:06:46 WARN  - HHH000511: The 5.5.5 version for [org.hibernate.dialect.MySQLDialect] is no longer supported, hence certain features may not work properly.The minimum supported version is 8.0.0. Check the community dialects project for available legacy versions.
2026-05-13 22:06:46 INFO  - HHH10001005: Database info:
	Database JDBC URL [jdbc:mysql://localhost:3306/bd_presentaciones?createDatabaseIfNotExist=true]
	Database driver: MySQL Connector/J
	Database dialect: MySQLDialect
	Database version: 5.5.5
	Default catalog/schema: bd_presentaciones/undefined
	Autocommit mode: undefined/unknown
	Isolation level: REPEATABLE_READ [default REPEATABLE_READ]
	JDBC fetch size: none
	Pool: DataSourceConnectionProvider
	Minimum pool size: undefined/unknown
	Maximum pool size: undefined/unknown
2026-05-13 22:06:47 INFO  - HHH000489: No JTA platform available (set 'hibernate.transaction.jta.platform' to enable JTA platform integration)
2026-05-13 22:06:47 INFO  - Initialized JPA EntityManagerFactory for persistence unit 'default'
2026-05-13 22:06:47 INFO  - Hibernate is in classpath; If applicable, HQL parser will be used.
2026-05-13 22:06:47 WARN  - spring.jpa.open-in-view is enabled by default. Therefore, database queries may be performed during view rendering. Explicitly configure spring.jpa.open-in-view to disable this warning
2026-05-13 22:06:48 INFO  - Tomcat started on port 8095 (http) with context path '/'
2026-05-13 22:06:48 INFO  - Started PresentacionServiceApplication in 5.446 seconds (process running for 5.762)
2026-05-13 22:08:58 INFO  - Initializing Spring DispatcherServlet 'dispatcherServlet'
2026-05-13 22:08:58 INFO  - Initializing Servlet 'dispatcherServlet'
2026-05-13 22:08:58 INFO  - Completed initialization in 0 ms
2026-05-13 22:11:50 INFO  - Commencing graceful shutdown. Waiting for active requests to complete
2026-05-13 22:11:50 INFO  - Graceful shutdown complete
2026-05-13 22:11:50 INFO  - Closing JPA EntityManagerFactory for persistence unit 'default'
2026-05-13 22:11:50 INFO  - HikariPool-1 - Shutdown initiated...
2026-05-13 22:11:50 INFO  - HikariPool-1 - Shutdown completed.
2026-05-13 22:11:59 INFO  - Starting PresentacionServiceApplication using Java 24.0.2 with PID 3832 (C:\Users\jenni\Downloads\proyecto_eventos\presentacion-service\presentacion-service\target\classes started by jenni in C:\Users\jenni\Downloads\proyecto_eventos\presentacion-service\presentacion-service)
2026-05-13 22:11:59 DEBUG - Running with Spring Boot v4.0.6, Spring v7.0.7
2026-05-13 22:11:59 INFO  - No active profile set, falling back to 1 default profile: "default"
2026-05-13 22:11:59 INFO  - Bootstrapping Spring Data JPA repositories in DEFAULT mode.
2026-05-13 22:11:59 INFO  - Finished Spring Data repository scanning in 107 ms. Found 1 JPA repository interface.
2026-05-13 22:12:00 INFO  - Tomcat initialized with port 8095 (http)
2026-05-13 22:12:00 INFO  - Starting service [Tomcat]
2026-05-13 22:12:00 INFO  - Starting Servlet engine: [Apache Tomcat/11.0.21]
2026-05-13 22:12:00 INFO  - Root WebApplicationContext: initialization completed in 1075 ms
2026-05-13 22:12:00 INFO  - HikariPool-1 - Starting...
2026-05-13 22:12:00 INFO  - HikariPool-1 - Added connection com.mysql.cj.jdbc.ConnectionImpl@1595d2b2
2026-05-13 22:12:00 INFO  - HikariPool-1 - Start completed.
2026-05-13 22:12:02 INFO  - Reading from bd_presentaciones.databasechangelog
2026-05-13 22:12:02 INFO  - Database is up to date, no changesets to execute
2026-05-13 22:12:02 INFO  - Reading from bd_presentaciones.databasechangelog
2026-05-13 22:12:02 INFO  - UPDATE SUMMARY
2026-05-13 22:12:02 INFO  - Run:                          0
2026-05-13 22:12:02 INFO  - Previously run:               2
2026-05-13 22:12:02 INFO  - Filtered out:                 0
2026-05-13 22:12:02 INFO  - -------------------------------
2026-05-13 22:12:02 INFO  - Total change sets:            2
2026-05-13 22:12:02 INFO  - Update summary generated
2026-05-13 22:12:02 INFO  - Command execution complete
2026-05-13 22:12:02 INFO  - HHH008540: Processing PersistenceUnitInfo [name: default]
2026-05-13 22:12:02 INFO  - HHH000001: Hibernate ORM core version 7.2.12.Final
2026-05-13 22:12:02 INFO  - No LoadTimeWeaver setup: ignoring JPA class transformer
2026-05-13 22:12:02 WARN  - HHH000511: The 5.5.5 version for [org.hibernate.dialect.MySQLDialect] is no longer supported, hence certain features may not work properly.The minimum supported version is 8.0.0. Check the community dialects project for available legacy versions.
2026-05-13 22:12:02 INFO  - HHH10001005: Database info:
	Database JDBC URL [jdbc:mysql://localhost:3306/bd_presentaciones?createDatabaseIfNotExist=true]
	Database driver: MySQL Connector/J
	Database dialect: MySQLDialect
	Database version: 5.5.5
	Default catalog/schema: bd_presentaciones/undefined
	Autocommit mode: undefined/unknown
	Isolation level: REPEATABLE_READ [default REPEATABLE_READ]
	JDBC fetch size: none
	Pool: DataSourceConnectionProvider
	Minimum pool size: undefined/unknown
	Maximum pool size: undefined/unknown
2026-05-13 22:12:03 INFO  - HHH000489: No JTA platform available (set 'hibernate.transaction.jta.platform' to enable JTA platform integration)
2026-05-13 22:12:03 INFO  - Initialized JPA EntityManagerFactory for persistence unit 'default'
2026-05-13 22:12:03 INFO  - Hibernate is in classpath; If applicable, HQL parser will be used.
2026-05-13 22:12:03 WARN  - spring.jpa.open-in-view is enabled by default. Therefore, database queries may be performed during view rendering. Explicitly configure spring.jpa.open-in-view to disable this warning
2026-05-13 22:12:03 INFO  - Tomcat started on port 8095 (http) with context path '/'
2026-05-13 22:12:03 INFO  - Started PresentacionServiceApplication in 5.097 seconds (process running for 5.419)
2026-05-13 22:12:18 INFO  - Initializing Spring DispatcherServlet 'dispatcherServlet'
2026-05-13 22:12:18 INFO  - Initializing Servlet 'dispatcherServlet'
2026-05-13 22:12:18 INFO  - Completed initialization in 0 ms
2026-05-13 22:12:18 INFO  - POST /presentaciones - Petición de creación: artistaId=1, escenarioId=1
2026-05-13 22:12:18 INFO  - Iniciando guardado de presentación: artistaId=1, escenarioId=1
2026-05-13 22:12:18 DEBUG - Validando existencia de artista id=1
2026-05-13 22:12:19 DEBUG - Respuesta existencia artista: true
2026-05-13 22:12:19 DEBUG - Validando existencia de escenario id=1
2026-05-13 22:12:19 DEBUG - Respuesta existencia escenario: true
2026-05-13 22:12:20 INFO  - Presentación guardada exitosamente id=14
2026-05-13 22:12:20 INFO  - Petición POST procesada con éxito. Presentación ID 14 creada.
2026-05-13 22:19:04 INFO  - Buscando presentaciones para el día completo: 2026-03-20T00:00 al 2026-03-20T23:59:59.999999999
2026-05-13 22:21:46 INFO  - DELETE /presentaciones/14 - Petición de eliminación
2026-05-13 22:21:46 INFO  - Intentando eliminar presentación id=14
2026-05-13 22:21:47 INFO  - Presentación id=14 eliminada con éxito
2026-05-13 22:21:47 INFO  - Petición DELETE procesada con éxito. Presentación ID 14 eliminada.
